[2026-06-02 09:31:43] 🎪 Fragle Evolution Cycle
  Sessions this week: 0
  ✅ Cycle complete
[2026-06-02 09:41:45] 🎪 Fragle Evolution Cycle
  Sessions this week: 0
  ✅ Cycle complete
[2026-06-10 05:26:01] 🎪 Fragle Evolution Cycle
  Sessions this week: 0
  ✅ Cycle complete
[2026-06-23 16:12:20] 🎪 Fragle Evolution Cycle
  Sessions this week: 0
  ✅ Cycle complete

=== SILLY UPGRADE SESSION ===
Date: 2026-06-29 (Sunday evening vibes)
Action: npm install --ignore-scripts (safe mode engaged)
Status: ✅ 326 packages audited, 0 vulnerabilities
Packages updated: prettier (3.8.3 → 3.9.1 available)
Major versions available (declined for theatrical stability):
  - eslint: 8.57.1 → 10.6.0 (too cool for school)
  - express: 4.22.2 → 5.2.1 (staying humble)
Package.json enchanted with silly metadata
Result: Fragle is now 1% more ridiculous, 0% less trap-y

Next victims await...
